
> sla-rbt-app@0.1.0 build
> react-scripts build

node.exe : (node:24728) [DEP0176] DeprecationWarning: 
fs.F_OK is deprecated, use fs.constants.F_OK instead
At line:1 char:1
+ & "C:\Program Files\nodejs/node.exe" "C:\Program 
Files\nodejs/node_mo ...
+ ~~~~~~~~~~~~~~~~~~~~~~~~~~~~~~~~~~~~~~~~~~~~~~~~~~~~~~~~~~~
~~~~~~~~~~
    + CategoryInfo          : NotSpecified: ((node:24728) [D 
   ...ts.F_OK instead:String) [], RemoteException
    + FullyQualifiedErrorId : NativeCommandError
 
(Use `node --trace-deprecation ...` to show where the 
warning was created)
Creating an optimized production build...
Failed to compile.

[eslint] 
src\pages\Dashboard.js
  Line 89:38:  'LoanCard' is not defined  react/jsx-no-undef

Search for the keywords to learn more about each error.


