
> sla-rbt-app@0.1.0 test
> react-scripts test --watchAll=false

node.exe : PASS src/utils/helpers.test.js
At line:1 char:1
+ & "C:\Program Files\nodejs/node.exe" 
"C:\Program Files\nodejs/node_mo ...
+ ~~~~~~~~~~~~~~~~~~~~~~~~~~~~~~~~~~~~~~~~~
~~~~~~~~~~~~~~~~~~~~~~~~~~~~
    + CategoryInfo          : NotSpecified 
   : (PASS src/utils/helpers.test.js:Stri  
  ng) [], RemoteException
    + FullyQualifiedErrorId : NativeComman 
   dError
 
FAIL src/App.test.js
  ΓùÅ Test suite failed to run

    Cannot find module 'react-router-dom' 
from 'src/App.test.js'

    [0m [90m 1 |[39m [36mimport[39m { 
render[33m,[39m screen } [36mfrom[39m 
[32m'@testing-library/react'[39m[33m;[39
m
    [31m[1m>[22m[39m[90m 2 |[39m 
[36mimport[39m { [33mBrowserRouter[39m 
} [36mfrom[39m 
[32m'react-router-dom'[39m[33m;[39m
     [90m   |[39m [31m[1m^[22m[39m
     [90m 3 |[39m [36mimport[39m 
[33mApp[39m [36mfrom[39m 
[32m'./App'[39m[33m;[39m
     [90m 4 |[39m [36mimport[39m { 
[33mAuthProvider[39m } [36mfrom[39m [3
2m'./context/AuthContext'[39m[33m;[39m
     [90m 5 |[39m [36mimport[39m { 
[33mConfigProvider[39m } [36mfrom[39m 
[32m'./context/ConfigContext'[39m[33m;[3
9m[0m

      at Resolver.resolveModule (node_modul
es/jest-resolve/build/resolver.js:324:11)
      at Object.<anonymous> 
(src/App.test.js:2:1)

Test Suites: 1 failed, 1 passed, 2 total
Tests:       4 passed, 4 total
Snapshots:   0 total
Time:        2.074 s
Ran all test suites.
