
> sla-rbt-app@0.1.0 test
> react-scripts test src/utils/helpers.test.js --watchAll=false

node.exe : FAIL src/utils/helpers.test.js
At line:1 char:1
+ & "C:\Program Files\nodejs/node.exe" 
"C:\Program Files\nodejs/node_mo ...
+ ~~~~~~~~~~~~~~~~~~~~~~~~~~~~~~~~~~~~~~~~
~~~~~~~~~~~~~~~~~~~~~~~~~~~~~
    + CategoryInfo          : NotSpecifie 
   d: (FAIL src/utils/helpers.test.js:St  
  ring) [], RemoteException
    + FullyQualifiedErrorId : NativeComma 
   ndError
 
  calculateBusinessHours
    ├ù calculates hours on the same day 
without lunch overlap (7 ms)
    ├ù calculates hours on the same day 
with lunch overlap (1 ms)
    ├ù calculates multi-day including 
holidays (3 ms)
    ΓêÜ returns 0 if start is after end 
(1 ms)

  ΓùÅ calculateBusinessHours ΓÇ║ 
calculates hours on the same day without 
lunch overlap

    expect(received).toBeCloseTo(expected)

    Expected: 1.5
    Received: 0

    Expected precision:    2
    Expected difference: < 0.005
    Received difference:   1.5

    [0m [90m 21 |[39m     
it([32m'calculates hours on the same day 
without lunch overlap'[39m[33m,[39m () 
[33m=>[39m { [90m// 10:00 to 11:30 = 
1.5 hours[39m
     [90m 22 |[39m         
[36mconst[39m result [33m=[39m calcula
teBusinessHours([32m'2026-03-03T10:00:00Z
'[39m[33m,[39m [32m'2026-03-03T11:30:0
0Z'[39m[33m,[39m config)[33m;[39m
    [31m[1m>[22m[39m[90m 23 |[39m   
      expect(result)[33m.[39mtoBeCloseTo
([35m1.5[39m)[33m;[39m
     [90m    |[39m                      
  [31m[1m^[22m[39m
     [90m 24 |[39m     })[33m;[39m
     [90m 25 |[39m
     [90m 26 |[39m     
it([32m'calculates hours on the same day 
with lunch overlap'[39m[33m,[39m () 
[33m=>[39m { [90m// 10:00 to 14:00 -> 
10-12 (2h) + 13-14 (1h) = 3 hours[39m[0m

      at Object.<anonymous> 
(src/utils/helpers.test.js:23:24)
      at TestScheduler.scheduleTests (node
_modules/@jest/core/build/TestScheduler.js
:333:13)
      at runJest (node_modules/@jest/core/
build/runJest.js:404:19)
      at _run10000 (node_modules/@jest/cor
e/build/cli/index.js:320:7)
      at runCLI (node_modules/@jest/core/b
uild/cli/index.js:173:3)

  ΓùÅ calculateBusinessHours ΓÇ║ 
calculates hours on the same day with 
lunch overlap

    expect(received).toBeCloseTo(expected)

    Expected: 3
    Received: 0

    Expected precision:    2
    Expected difference: < 0.005
    Received difference:   3

    [0m [90m 26 |[39m     
it([32m'calculates hours on the same day 
with lunch overlap'[39m[33m,[39m () 
[33m=>[39m { [90m// 10:00 to 14:00 -> 
10-12 (2h) + 13-14 (1h) = 3 hours[39m
     [90m 27 |[39m         
[36mconst[39m result [33m=[39m calcula
teBusinessHours([32m'2026-03-03T10:00:00Z
'[39m[33m,[39m [32m'2026-03-03T14:00:0
0Z'[39m[33m,[39m config)[33m;[39m
    [31m[1m>[22m[39m[90m 28 |[39m   
      expect(result)[33m.[39mtoBeCloseTo
([35m3[39m)[33m;[39m
     [90m    |[39m                      
  [31m[1m^[22m[39m
     [90m 29 |[39m     })[33m;[39m
     [90m 30 |[39m
     [90m 31 |[39m     
it([32m'calculates multi-day including 
holidays'[39m[33m,[39m () [33m=>[39m 
{[0m

      at Object.<anonymous> 
(src/utils/helpers.test.js:28:24)
      at TestScheduler.scheduleTests (node
_modules/@jest/core/build/TestScheduler.js
:333:13)
      at runJest (node_modules/@jest/core/
build/runJest.js:404:19)
      at _run10000 (node_modules/@jest/cor
e/build/cli/index.js:320:7)
      at runCLI (node_modules/@jest/core/b
uild/cli/index.js:173:3)

  ΓùÅ calculateBusinessHours ΓÇ║ 
calculates multi-day including holidays

    expect(received).toBeCloseTo(expected)

    Expected: 4
    Received: 8

    Expected precision:    2
    Expected difference: < 0.005
    Received difference:   4

    [0m [90m 36 |[39m         [90m// 
Total = 4 hours[39m
     [90m 37 |[39m         
[36mconst[39m result [33m=[39m calcula
teBusinessHours([32m'2026-03-03T15:00:00Z
'[39m[33m,[39m [32m'2026-03-05T10:00:0
0Z'[39m[33m,[39m config)[33m;[39m
    [31m[1m>[22m[39m[90m 38 |[39m   
      expect(result)[33m.[39mtoBeCloseTo
([35m4[39m)[33m;[39m
     [90m    |[39m                      
  [31m[1m^[22m[39m
     [90m 39 |[39m     })[33m;[39m
     [90m 40 |[39m
     [90m 41 |[39m     it([32m'returns 
0 if start is after end'[39m[33m,[39m 
() [33m=>[39m {[0m

      at Object.<anonymous> 
(src/utils/helpers.test.js:38:24)
      at TestScheduler.scheduleTests (node
_modules/@jest/core/build/TestScheduler.js
:333:13)
      at runJest (node_modules/@jest/core/
build/runJest.js:404:19)
      at _run10000 (node_modules/@jest/cor
e/build/cli/index.js:320:7)
      at runCLI (node_modules/@jest/core/b
uild/cli/index.js:173:3)

Test Suites: 1 failed, 1 total
Tests:       3 failed, 1 passed, 4 total
Snapshots:   0 total
Time:        2.564 s, estimated 4 s
Ran all test suites matching 
/src\\utils\\helpers.test.js/i.
